// Jest Snapshot v1, https://goo.gl/fbAQLP

exports[`BaseButton component matches snapshot 1`] = `
<DocumentFragment>
  <button
    class="px-7 py-3 rounded-md cursor-pointer "
  >
    Snapshot
  </button>
</DocumentFragment>
`;
